docs/design/llvm_sparse_runtime.md
docs/lang/articles/about/overview.md
docs/lang/articles/advanced/data_oriented_class.md
docs/lang/articles/advanced/dataclass.md
docs/lang/articles/advanced/meta.md
docs/lang/articles/advanced/odop.md
docs/lang/articles/advanced/quant.md
docs/lang/articles/basic/external.md
docs/lang/articles/basic/field.md
docs/lang/articles/basic/layout.md
docs/lang/articles/basic/ndarray.md
docs/lang/articles/basic/offset.md
docs/lang/articles/basic/sparse.md
docs/lang/articles/c-api/taichi_core.md
docs/lang/articles/c-api/taichi_vulkan.md
docs/lang/articles/contribution/contributor_guide.md
docs/lang/articles/contribution/dev_install.md
docs/lang/articles/contribution/development_tips.md
docs/lang/articles/contribution/doc_writing.md
docs/lang/articles/contribution/style_guide_en.md
docs/lang/articles/contribution/windows_debug.md
docs/lang/articles/contribution/writing_cpp_tests.md
docs/lang/articles/glossary/glossary.md
docs/lang/articles/kernels/kernel_function.md
docs/lang/articles/kernels/kernel_sync.md
docs/lang/articles/performance_tuning/performance.md
docs/lang/articles/performance_tuning/profiler.md
docs/lang/articles/reference/global_settings.md
docs/lang/articles/faqs/faq.md
docs/lang/articles/visualization/ggui.md
docs/lang/articles/visualization/gui_system.md
docs/rfcs/20220410-rfc-process.md
docs/rfcs/yyyymmdd-rfc-template.md
docs/lang/articles/math/linear_solver.md
docs/lang/articles/math/sparse_matrix.md
